% meta
\documentclass[10pt]{extarticle}

% packages
\usepackage[utf8]{inputenc}
\usepackage[margin=1.6in]{geometry}
\usepackage{hyperref}
\usepackage{amsmath}
\usepackage{amssymb}

% preamble commands
\linespread{1.0}
\usepackage{graphicx}
\graphicspath{{tests/assets/test_components/}}

% document details
\date{}

% ------------------------------------------------------------------------------
\begin{document}
% ------------------------------------------------------------------------------

\begin{abstract}
This is my abstract
\end{abstract}

% ------------------------------------------------------------------------------
\end{document}
% ------------------------------------------------------------------------------

